[2026-08-04T01:08:50.606Z] Início do Gerador Funcional Reconstruído da SU Mega.
[2026-08-04T01:08:50.606Z] Semente controlada: 202608031101.
[2026-08-04T01:08:50.606Z] Meta: 705 jogos de 6 dezenas no universo 01-60.
[2026-08-04T01:08:50.834Z] Fase A: 25/705 jogos; pares ausentes=1395; frequência=2-3.
[2026-08-04T01:08:51.039Z] Fase A: 50/705 jogos; pares ausentes=1023; frequência=4-6.
[2026-08-04T01:08:51.241Z] Fase A: 75/705 jogos; pares ausentes=678; frequência=6-9.
[2026-08-04T01:08:51.437Z] Fase A: 100/705 jogos; pares ausentes=387; frequência=8-12.
[2026-08-04T01:08:51.702Z] Fase B: 125/705 jogos; pares ausentes=162; frequência=11-14.
[2026-08-04T01:08:52.251Z] Fase B: 150/705 jogos; pares ausentes=14; frequência=14-16.
[2026-08-04T01:08:52.358Z] Fase B: 155/705 jogos; pares ausentes=0; frequência=15-17.
[2026-08-04T01:08:52.575Z] Fase C: 175/705 jogos; pares ausentes=0; frequência=17-18.
[2026-08-04T01:08:52.837Z] Fase C: 200/705 jogos; pares ausentes=0; frequência=19-21.
[2026-08-04T01:08:53.101Z] Fase C: 225/705 jogos; pares ausentes=0; frequência=22-23.
[2026-08-04T01:08:53.359Z] Fase C: 250/705 jogos; pares ausentes=0; frequência=24-26.
[2026-08-04T01:08:53.619Z] Fase C: 275/705 jogos; pares ausentes=0; frequência=27-28.
[2026-08-04T01:08:53.873Z] Fase C: 300/705 jogos; pares ausentes=0; frequência=29-31.
[2026-08-04T01:08:54.129Z] Fase C: 325/705 jogos; pares ausentes=0; frequência=32-33.
[2026-08-04T01:08:54.408Z] Fase C: 350/705 jogos; pares ausentes=0; frequência=34-36.
[2026-08-04T01:08:54.664Z] Fase C: 375/705 jogos; pares ausentes=0; frequência=37-38.
[2026-08-04T01:08:54.920Z] Fase C: 400/705 jogos; pares ausentes=0; frequência=39-41.
[2026-08-04T01:08:55.173Z] Fase C: 425/705 jogos; pares ausentes=0; frequência=42-43.
[2026-08-04T01:08:55.422Z] Fase C: 450/705 jogos; pares ausentes=0; frequência=44-46.
[2026-08-04T01:08:55.672Z] Fase C: 475/705 jogos; pares ausentes=0; frequência=47-48.
[2026-08-04T01:08:55.924Z] Fase C: 500/705 jogos; pares ausentes=0; frequência=49-51.
[2026-08-04T01:08:56.178Z] Fase C: 525/705 jogos; pares ausentes=0; frequência=52-53.
[2026-08-04T01:08:56.432Z] Fase C: 550/705 jogos; pares ausentes=0; frequência=54-56.
[2026-08-04T01:08:56.677Z] Fase C: 575/705 jogos; pares ausentes=0; frequência=57-58.
[2026-08-04T01:08:56.925Z] Fase C: 600/705 jogos; pares ausentes=0; frequência=59-61.
[2026-08-04T01:08:57.173Z] Fase C: 625/705 jogos; pares ausentes=0; frequência=62-63.
[2026-08-04T01:08:57.420Z] Fase C: 650/705 jogos; pares ausentes=0; frequência=64-66.
[2026-08-04T01:08:57.669Z] Fase C: 675/705 jogos; pares ausentes=0; frequência=67-68.
[2026-08-04T01:08:57.916Z] Fase C: 700/705 jogos; pares ausentes=0; frequência=69-71.
[2026-08-04T01:08:58.043Z] Concluído em 7.390 segundos.
[2026-08-04T01:08:58.043Z] Jogos únicos: 705; pares cobertos: 1770/1770; quadras repetidas: 0.
[2026-08-04T01:08:58.044Z] Hashes: código=ee3aac0a5a035f4d081dc7ddaecb81a73dba1f0a162abd46b34df7f06bd25dc3; configuração=4641a200d7fab9895cd7a7af4a9f17710b974fe0b051a15a51fe8e1f5c3432c1; carteira=d175ca529da9699b3e07ed3b23df42ca7fbae21bc0899d0c0c68ee0b804191be.
